// Jest Snapshot v1, https://goo.gl/fbAQLP

exports[`App Container App should match the snapshot with all data passed in 1`] = `
"<div className=\\"App\\">
  <div className=\\"header-project-wrapper\\">
    <header className=\\"app-header\\">
      <h1>
        Palette Picker
      </h1>
    </header>
    <div className=\\"projects-wrapper\\">
      <ConnectFunction />
    </div>
  </div>
  <div className=\\"palette-wrapper\\">
    <ConnectFunction />
  </div>
</div>"
`;
